###############################################################################
#
# IAR ELF Linker V8.32.2.178/W32 for ARM                  27/Feb/2019  20:11:54
# Copyright 2007-2018 IAR Systems AB.
#
#    Output file  =  D:\files\git\KV58_Lib\Debug\Exe\Project-test.out
#    Map file     =  D:\files\git\KV58_Lib\Debug\List\Project-test.map
#    Command line =  
#        -f C:\Users\28178\AppData\Local\Temp\EW428C.tmp
#        (D:\files\git\KV58_Lib\Debug\Obj\clock.o
#        D:\files\git\KV58_Lib\Debug\Obj\dma.o
#        D:\files\git\KV58_Lib\Debug\Obj\fsl_adc16.o
#        D:\files\git\KV58_Lib\Debug\Obj\fsl_aoi.o
#        D:\files\git\KV58_Lib\Debug\Obj\fsl_clock.o
#        D:\files\git\KV58_Lib\Debug\Obj\fsl_cmp.o
#        D:\files\git\KV58_Lib\Debug\Obj\fsl_common.o
#        D:\files\git\KV58_Lib\Debug\Obj\fsl_crc.o
#        D:\files\git\KV58_Lib\Debug\Obj\fsl_dac.o
#        D:\files\git\KV58_Lib\Debug\Obj\fsl_dmamux.o
#        D:\files\git\KV58_Lib\Debug\Obj\fsl_dspi.o
#        D:\files\git\KV58_Lib\Debug\Obj\fsl_dspi_edma.o
#        D:\files\git\KV58_Lib\Debug\Obj\fsl_edma.o
#        D:\files\git\KV58_Lib\Debug\Obj\fsl_enc.o
#        D:\files\git\KV58_Lib\Debug\Obj\fsl_enet.o
#        D:\files\git\KV58_Lib\Debug\Obj\fsl_ewm.o
#        D:\files\git\KV58_Lib\Debug\Obj\fsl_flexbus.o
#        D:\files\git\KV58_Lib\Debug\Obj\fsl_flexcan.o
#        D:\files\git\KV58_Lib\Debug\Obj\fsl_flexcan_edma.o
#        D:\files\git\KV58_Lib\Debug\Obj\fsl_ftfx_cache.o
#        D:\files\git\KV58_Lib\Debug\Obj\fsl_ftfx_controller.o
#        D:\files\git\KV58_Lib\Debug\Obj\fsl_ftfx_flash.o
#        D:\files\git\KV58_Lib\Debug\Obj\fsl_ftfx_flexnvm.o
#        D:\files\git\KV58_Lib\Debug\Obj\fsl_ftm.o
#        D:\files\git\KV58_Lib\Debug\Obj\fsl_gpio.o
#        D:\files\git\KV58_Lib\Debug\Obj\fsl_hsadc.o
#        D:\files\git\KV58_Lib\Debug\Obj\fsl_i2c.o
#        D:\files\git\KV58_Lib\Debug\Obj\fsl_i2c_edma.o
#        D:\files\git\KV58_Lib\Debug\Obj\fsl_llwu.o
#        D:\files\git\KV58_Lib\Debug\Obj\fsl_lptmr.o
#        D:\files\git\KV58_Lib\Debug\Obj\fsl_pdb.o
#        D:\files\git\KV58_Lib\Debug\Obj\fsl_pit.o
#        D:\files\git\KV58_Lib\Debug\Obj\fsl_pmc.o
#        D:\files\git\KV58_Lib\Debug\Obj\fsl_pwm.o
#        D:\files\git\KV58_Lib\Debug\Obj\fsl_rcm.o
#        D:\files\git\KV58_Lib\Debug\Obj\fsl_sim.o
#        D:\files\git\KV58_Lib\Debug\Obj\fsl_smc.o
#        D:\files\git\KV58_Lib\Debug\Obj\fsl_sysmpu.o
#        D:\files\git\KV58_Lib\Debug\Obj\fsl_trng.o
#        D:\files\git\KV58_Lib\Debug\Obj\fsl_uart.o
#        D:\files\git\KV58_Lib\Debug\Obj\fsl_uart_edma.o
#        D:\files\git\KV58_Lib\Debug\Obj\fsl_wdog.o
#        D:\files\git\KV58_Lib\Debug\Obj\fsl_xbara.o
#        D:\files\git\KV58_Lib\Debug\Obj\fsl_xbarb.o
#        D:\files\git\KV58_Lib\Debug\Obj\gpio.o
#        D:\files\git\KV58_Lib\Debug\Obj\led.o
#        D:\files\git\KV58_Lib\Debug\Obj\main.o
#        D:\files\git\KV58_Lib\Debug\Obj\pit.o
#        D:\files\git\KV58_Lib\Debug\Obj\port.o
#        D:\files\git\KV58_Lib\Debug\Obj\startup_MKV58F24.o
#        D:\files\git\KV58_Lib\Debug\Obj\system_MKV58F24.o
#        D:\files\git\KV58_Lib\Debug\Obj\Systick.o
#        D:\files\git\KV58_Lib\Debug\Obj\uart.o --no_out_extension -o
#        D:\files\git\KV58_Lib\Debug\Exe\Project-test.out --map
#        D:\files\git\KV58_Lib\Debug\List\Project-test.map --config
#        D:\files\git\KV58_Lib\Prj\MKV58F1M0xxx24_flash.icf --semihosting
#        --entry __iar_program_start --vfe --text_out locale)
#
###############################################################################

*******************************************************************************
*** RUNTIME MODEL ATTRIBUTES
***

CppFlavor       = *
__Heap_Handler  = DLMalloc
__SystemLibrary = DLib
__dlib_version  = 6


*******************************************************************************
*** HEAP SELECTION
***

The advanced heap was selected because the application calls memory
allocation functions outside of system library functions, and there
are calls to deallocation functions in the application.


*******************************************************************************
*** PLACEMENT SUMMARY
***

"A0":  place at 0x1000'0000 { ro section .intvec };
"P1":  place in [from 0x1000'0400 to 0x1000'040f] { section FlashConfig };
"P2":  place in [from 0x1000'0000 to 0x1000'03ff] |
                [from 0x1000'0410 to 0x100f'ffff] { ro };
define block RW { rw };
"P3":  place in [from 0x4 to 0xffff] |
                [from 0x2000'0000 to 0x2001'fbff] { block RW };
define block ZI { zi };
"P4":  place in [from 0x4 to 0xffff] |
                [from 0x2000'0000 to 0x2001'fbff] { block ZI };
define block NCACHE_VAR { section NonCacheable, section NonCacheable.init };
"P7":  place in [from 0x4 to 0xffff] |
                [from 0x2000'0000 to 0x2001'fbff] { block NCACHE_VAR };
define block CSTACK with size = 1K, alignment = 8 { };
"P6":  place in [from 0x2001'fc00 to 0x2001'ffff] { block CSTACK };
initialize by copy { rw, section .textrw };

No sections matched the following patterns:

  section NonCacheable       in block NCACHE_VAR
  section NonCacheable.init  in block NCACHE_VAR


  Section            Kind         Address    Size  Object
  -------            ----         -------    ----  ------
"P3-P4|P7", part 1 of 2:                      0x4
  RW                                  0x4     0x4  <Block>
    RW-1                              0x4     0x4  <Init block>
      .data          inited           0x4     0x4  system_MKV58F24.o [1]
                                    - 0x8     0x4

"P3-P4|P7", part 2 of 2:                     0xfc
  ZI                                  0x8    0xfc  <Block>
    .bss             zero             0x8     0x4  clock.o [1]
    .bss             zero             0xc     0x4  clock.o [1]
    .bss             zero            0x10     0x4  clock.o [1]
    .bss             zero            0x14     0x4  clock.o [1]
    .bss             zero            0x18     0x4  clock.o [1]
    .bss             zero            0x1c     0xc  fsl_dspi.o [1]
    .bss             zero            0x28     0x4  fsl_dspi.o [1]
    .bss             zero            0x2c     0x4  fsl_dspi.o [1]
    .bss             zero            0x30    0x80  fsl_edma.o [1]
    .bss             zero            0xb0     0x4  fsl_enet.o [1]
    .bss             zero            0xb4     0x4  fsl_enet.o [1]
    .bss             zero            0xb8     0x4  fsl_enet.o [1]
    .bss             zero            0xbc     0x4  fsl_enet.o [1]
    .bss             zero            0xc0     0x4  fsl_enet.o [1]
    .bss             zero            0xc4     0xc  fsl_flexcan.o [1]
    .bss             zero            0xd0     0x4  fsl_flexcan.o [1]
    .bss             zero            0xd4     0x8  fsl_i2c.o [1]
    .bss             zero            0xdc     0x4  fsl_i2c.o [1]
    .bss             zero            0xe0     0x4  fsl_i2c.o [1]
    .bss             zero            0xe4    0x18  fsl_uart.o [1]
    .bss             zero            0xfc     0x4  fsl_uart.o [1]
    .bss             zero           0x100     0x1  pit.o [1]
                                  - 0x104    0xfc

"A0":                                       0x400
  .intvec            ro code  0x1000'0000   0x400  startup_MKV58F24.o [1]
                            - 0x1000'0400   0x400

"P1":                                        0x10
  FlashConfig        ro code  0x1000'0400    0x10  startup_MKV58F24.o [1]
                            - 0x1000'0410    0x10

"P2":                                      0x1170
  .text              ro code  0x1000'0410   0x454  fsl_edma.o [1]
  .text              ro code  0x1000'0864    0x24  ABIassert.o [5]
  .text              ro code  0x1000'0888     0x6  abort.o [2]
  .text              ro code  0x1000'088e    0x3a  zero_init3.o [4]
  .text              ro code  0x1000'08c8    0x14  exit.o [5]
  .text              ro code  0x1000'08dc   0x264  uart.o [1]
  .text              ro code  0x1000'0b40    0x88  port.o [1]
  .text              ro code  0x1000'0bc8   0x12c  clock.o [1]
  .text              ro code  0x1000'0cf4    0xce  system_MKV58F24.o [1]
  .text              ro code  0x1000'0dc2     0x2  startup_MKV58F24.o [1]
  .text              ro code  0x1000'0dc4    0xc4  fsl_dspi.o [1]
  .text              ro code  0x1000'0e88    0x98  fsl_flexcan.o [1]
  .text              ro code  0x1000'0f20    0x94  fsl_uart.o [1]
  .text              ro code  0x1000'0fb4    0x70  gpio.o [1]
  .text              ro code  0x1000'1024    0x58  fsl_enet.o [1]
  .text              ro code  0x1000'107c    0x58  fsl_i2c.o [1]
  .text              ro code  0x1000'10d4    0x40  pit.o [1]
  .rodata            const    0x1000'1114    0x3c  gpio.o [1]
  .rodata            const    0x1000'1150    0x2c  fsl_dspi.o [1]
  .rodata            const    0x1000'117c    0x2c  fsl_edma.o [1]
  .rodata            const    0x1000'11a8    0x2c  fsl_flexcan.o [1]
  .text              ro code  0x1000'11d4    0x2c  copy_init3.o [4]
  .rodata            const    0x1000'1200    0x28  gpio.o [1]
  .text              ro code  0x1000'1228    0x28  startup_MKV58F24.o [1]
  .text              ro code  0x1000'1250    0x28  data_init.o [4]
  .text              ro code  0x1000'1278    0x22  fpinit_M.o [3]
  .iar.init_table    const    0x1000'129c    0x24  - Linker created -
  .text              ro code  0x1000'12c0     0x2  startup_MKV58F24.o [1]
  .text              ro code  0x1000'12c4    0x1e  cmain.o [4]
  .text              ro code  0x1000'12e2     0x4  low_level_init.o [2]
  .text              ro code  0x1000'12e6     0xa  main.o [1]
  .text              ro code  0x1000'12f0     0x4  exit.o [2]
  .text              ro code  0x1000'12f4     0xa  cexit.o [4]
  .text              ro code  0x1000'12fe     0x2  startup_MKV58F24.o [1]
  .rodata            const    0x1000'1300    0x18  uart.o [1]
  .rodata            const    0x1000'1318    0x14  fsl_flexcan.o [1]
  .rodata            const    0x1000'132c    0x14  fsl_flexcan.o [1]
  .rodata            const    0x1000'1340    0x14  fsl_flexcan.o [1]
  .rodata            const    0x1000'1354    0x14  gpio.o [1]
  .rodata            const    0x1000'1368    0x14  port.o [1]
  .rodata            const    0x1000'137c    0x10  fsl_dspi.o [1]
  .rodata            const    0x1000'138c    0x10  fsl_dspi.o [1]
  .rodata            const    0x1000'139c    0x10  fsl_dspi.o [1]
  .rodata            const    0x1000'13ac    0x10  fsl_edma.o [1]
  .rodata            const    0x1000'13bc     0xc  fsl_edma.o [1]
  .text              ro code  0x1000'13c8     0xc  cstartup_M.o [4]
  .text              ro code  0x1000'13d4     0x8  startup_MKV58F24.o [1]
  .text              ro code  0x1000'13dc     0x8  startup_MKV58F24.o [1]
  .text              ro code  0x1000'13e4     0x8  startup_MKV58F24.o [1]
  .text              ro code  0x1000'13ec     0x8  startup_MKV58F24.o [1]
  .text              ro code  0x1000'13f4     0x8  startup_MKV58F24.o [1]
  .text              ro code  0x1000'13fc     0x8  startup_MKV58F24.o [1]
  .text              ro code  0x1000'1404     0x8  startup_MKV58F24.o [1]
  .text              ro code  0x1000'140c     0x8  startup_MKV58F24.o [1]
  .text              ro code  0x1000'1414     0x8  startup_MKV58F24.o [1]
  .text              ro code  0x1000'141c     0x8  startup_MKV58F24.o [1]
  .text              ro code  0x1000'1424     0x8  startup_MKV58F24.o [1]
  .text              ro code  0x1000'142c     0x8  startup_MKV58F24.o [1]
  .text              ro code  0x1000'1434     0x8  startup_MKV58F24.o [1]
  .text              ro code  0x1000'143c     0x8  startup_MKV58F24.o [1]
  .text              ro code  0x1000'1444     0x8  startup_MKV58F24.o [1]
  .text              ro code  0x1000'144c     0x8  startup_MKV58F24.o [1]
  .text              ro code  0x1000'1454     0x8  startup_MKV58F24.o [1]
  .text              ro code  0x1000'145c     0x8  startup_MKV58F24.o [1]
  .text              ro code  0x1000'1464     0x8  startup_MKV58F24.o [1]
  .text              ro code  0x1000'146c     0x8  startup_MKV58F24.o [1]
  .text              ro code  0x1000'1474     0x8  startup_MKV58F24.o [1]
  .text              ro code  0x1000'147c     0x8  startup_MKV58F24.o [1]
  .text              ro code  0x1000'1484     0x8  startup_MKV58F24.o [1]
  .text              ro code  0x1000'148c     0x8  startup_MKV58F24.o [1]
  .text              ro code  0x1000'1494     0x8  startup_MKV58F24.o [1]
  .text              ro code  0x1000'149c     0x8  startup_MKV58F24.o [1]
  .text              ro code  0x1000'14a4     0x8  startup_MKV58F24.o [1]
  .text              ro code  0x1000'14ac     0x8  startup_MKV58F24.o [1]
  .text              ro code  0x1000'14b4     0x8  startup_MKV58F24.o [1]
  .text              ro code  0x1000'14bc     0x8  startup_MKV58F24.o [1]
  .text              ro code  0x1000'14c4     0x8  startup_MKV58F24.o [1]
  .text              ro code  0x1000'14cc     0x8  startup_MKV58F24.o [1]
  .text              ro code  0x1000'14d4     0x8  startup_MKV58F24.o [1]
  .text              ro code  0x1000'14dc     0x8  startup_MKV58F24.o [1]
  .text              ro code  0x1000'14e4     0x8  startup_MKV58F24.o [1]
  .text              ro code  0x1000'14ec     0x8  startup_MKV58F24.o [1]
  .text              ro code  0x1000'14f4     0x8  startup_MKV58F24.o [1]
  .text              ro code  0x1000'14fc     0x8  startup_MKV58F24.o [1]
  .text              ro code  0x1000'1504     0x8  startup_MKV58F24.o [1]
  .text              ro code  0x1000'150c     0x8  startup_MKV58F24.o [1]
  .text              ro code  0x1000'1514     0x8  startup_MKV58F24.o [1]
  .text              ro code  0x1000'151c     0x8  startup_MKV58F24.o [1]
  .text              ro code  0x1000'1524     0x8  startup_MKV58F24.o [1]
  .text              ro code  0x1000'152c     0x8  startup_MKV58F24.o [1]
  .text              ro code  0x1000'1534     0x8  startup_MKV58F24.o [1]
  .text              ro code  0x1000'153c     0x8  startup_MKV58F24.o [1]
  .text              ro code  0x1000'1544     0x8  startup_MKV58F24.o [1]
  .text              ro code  0x1000'154c     0x8  startup_MKV58F24.o [1]
  .text              ro code  0x1000'1554     0x8  startup_MKV58F24.o [1]
  .text              ro code  0x1000'155c     0x8  startup_MKV58F24.o [1]
  .text              ro code  0x1000'1564     0x8  startup_MKV58F24.o [1]
  .text              ro code  0x1000'156c     0x4  startup_MKV58F24.o [1]
  Initializer bytes  const    0x1000'1570     0x4  <for RW-1>
  .text              ro code  0x1000'1574     0x2  startup_MKV58F24.o [1]
  .text              ro code  0x1000'1576     0x2  startup_MKV58F24.o [1]
  .text              ro code  0x1000'1578     0x2  startup_MKV58F24.o [1]
  .text              ro code  0x1000'157a     0x2  startup_MKV58F24.o [1]
  .text              ro code  0x1000'157c     0x2  startup_MKV58F24.o [1]
  .text              ro code  0x1000'157e     0x2  startup_MKV58F24.o [1]
  .rodata            const    0x1000'1580     0x0  zero_init3.o [4]
  .rodata            const    0x1000'1580     0x0  copy_init3.o [4]
                            - 0x1000'1580  0x1170

"P6":                                       0x400
  CSTACK                      0x2001'fc00   0x400  <Block>
    CSTACK           uninit   0x2001'fc00   0x400  <Block tail>
                            - 0x2002'0000   0x400

Unused ranges:

         From           To      Size
         ----           --      ----
        0x104       0xffff    0xfefc
  0x1000'1580  0x100f'ffff  0xf'ea80
  0x2000'0000  0x2001'fbff  0x1'fc00


*******************************************************************************
*** INIT TABLE
***

          Address      Size
          -------      ----
Zero (__iar_zero_init3)
    1 destination range, total size 0xf9:
                  0x8  0xf9

Copy (__iar_copy_init3)
    1 source range, total size 0x4:
          0x1000'1570   0x4
    1 destination range, total size 0x4:
                  0x4   0x4



*******************************************************************************
*** MODULE SUMMARY
***

    Module              ro code  ro data  rw data
    ------              -------  -------  -------
command line/config:
    ---------------------------------------------
    Total:

D:\files\git\KV58_Lib\Debug\Obj: [1]
    clock.o                 300                20
    fsl_dspi.o              196       92       20
    fsl_edma.o            1 108       72      128
    fsl_enet.o               88                20
    fsl_flexcan.o           152      104       16
    fsl_i2c.o                88                16
    fsl_uart.o              148                28
    gpio.o                  112      120
    main.o                   10
    pit.o                    64                 1
    port.o                  136       20
    startup_MKV58F24.o    1 510
    system_MKV58F24.o       206        4        4
    uart.o                  612       24
    ---------------------------------------------
    Total:                4 730      436      253

dl7M_tlf.a: [2]
    abort.o                   6
    exit.o                    4
    low_level_init.o          4
    ---------------------------------------------
    Total:                   14

m7M_tlv.a: [3]
    fpinit_M.o               34
    ---------------------------------------------
    Total:                   34

rt7M_tl.a: [4]
    cexit.o                  10
    cmain.o                  30
    copy_init3.o             44
    cstartup_M.o             12
    data_init.o              40
    zero_init3.o             58
    ---------------------------------------------
    Total:                  194

shb_l.a: [5]
    ABIassert.o              36
    exit.o                   20
    ---------------------------------------------
    Total:                   56

    Gaps                      2        2
    Linker created                    36    1 024
-------------------------------------------------
    Grand Total:          5 030      474    1 277


*******************************************************************************
*** ENTRY LIST
***

Entry                       Address   Size  Type      Object
-----                       -------   ----  ----      ------
.iar.init_table$$Base   0x1000'129c          --   Gb  - Linker created -
.iar.init_table$$Limit  0x1000'12c0          --   Gb  - Linker created -
?main                   0x1000'12c5         Code  Gb  cmain.o [4]
CAN0_DriverIRQHandler   0x1000'0e89   0x26  Code  Gb  fsl_flexcan.o [1]
CAN1_DriverIRQHandler   0x1000'0eaf   0x26  Code  Gb  fsl_flexcan.o [1]
CAN2_DriverIRQHandler   0x1000'0ed5   0x26  Code  Gb  fsl_flexcan.o [1]
CSTACK$$Base            0x2001'fc00          --   Gb  - Linker created -
CSTACK$$Limit           0x2002'0000          --   Gb  - Linker created -
DMA0_DMA16_DriverIRQHandler
                        0x1000'0537   0x34  Code  Gb  fsl_edma.o [1]
DMA10_DMA26_DriverIRQHandler
                        0x1000'0739   0x30  Code  Gb  fsl_edma.o [1]
DMA11_DMA27_DriverIRQHandler
                        0x1000'0769   0x30  Code  Gb  fsl_edma.o [1]
DMA12_DMA28_DriverIRQHandler
                        0x1000'0799   0x30  Code  Gb  fsl_edma.o [1]
DMA13_DMA29_DriverIRQHandler
                        0x1000'07c9   0x2e  Code  Gb  fsl_edma.o [1]
DMA14_DMA30_DriverIRQHandler
                        0x1000'07f7   0x2e  Code  Gb  fsl_edma.o [1]
DMA15_DMA31_DriverIRQHandler
                        0x1000'0825   0x2e  Code  Gb  fsl_edma.o [1]
DMA1_DMA17_DriverIRQHandler
                        0x1000'056b   0x34  Code  Gb  fsl_edma.o [1]
DMA2_DMA18_DriverIRQHandler
                        0x1000'059f   0x34  Code  Gb  fsl_edma.o [1]
DMA3_DMA19_DriverIRQHandler
                        0x1000'05d3   0x34  Code  Gb  fsl_edma.o [1]
DMA4_DMA20_DriverIRQHandler
                        0x1000'0607   0x34  Code  Gb  fsl_edma.o [1]
DMA5_DMA21_DriverIRQHandler
                        0x1000'063b   0x34  Code  Gb  fsl_edma.o [1]
DMA6_DMA22_DriverIRQHandler
                        0x1000'066f   0x34  Code  Gb  fsl_edma.o [1]
DMA7_DMA23_DriverIRQHandler
                        0x1000'06a3   0x34  Code  Gb  fsl_edma.o [1]
DMA8_DMA24_DriverIRQHandler
                        0x1000'06d7   0x32  Code  Gb  fsl_edma.o [1]
DMA9_DMA25_DriverIRQHandler
                        0x1000'0709   0x30  Code  Gb  fsl_edma.o [1]
DSPI_CommonIRQHandler   0x1000'0dcd   0x28  Code  Lc  fsl_dspi.o [1]
DSPI_IsMaster           0x1000'0dc5    0x8  Code  Lc  fsl_dspi.o [1]
EDMA_GetChannelStatusFlags
                        0x1000'0411   0x4a  Code  Gb  fsl_edma.o [1]
EDMA_HandleIRQ          0x1000'0465   0xd2  Code  Gb  fsl_edma.o [1]
ENET_1588_Timer_IRQHandler
                        0x1000'1055   0x10  Code  Gb  fsl_enet.o [1]
ENET_Error_IRQHandler   0x1000'1045   0x10  Code  Gb  fsl_enet.o [1]
ENET_Receive_IRQHandler
                        0x1000'1035   0x10  Code  Gb  fsl_enet.o [1]
ENET_Transmit_IRQHandler
                        0x1000'1025   0x10  Code  Gb  fsl_enet.o [1]
GPIOX                   0x1000'1354   0x14  Data  Lc  gpio.o [1]
I2C0_DriverIRQHandler   0x1000'10a9    0xe  Code  Gb  fsl_i2c.o [1]
I2C1_DriverIRQHandler   0x1000'10b7    0xe  Code  Gb  fsl_i2c.o [1]
I2C_TransferCommonIRQHandler
                        0x1000'107d   0x26  Code  Lc  fsl_i2c.o [1]
PIT0_IRQHandler         0x1000'10d5   0x38  Code  Gb  pit.o [1]
PIT0_IRQHandler::a            0x100    0x1  Data  Lc  pit.o [1]
PORTx                   0x1000'1368   0x14  Data  Lc  port.o [1]
RW$$Base                        0x4          --   Gb  - Linker created -
RW$$Limit                       0x8          --   Gb  - Linker created -
Region$$Table$$Base     0x1000'129c          --   Gb  - Linker created -
Region$$Table$$Limit    0x1000'12c0          --   Gb  - Linker created -
SCB_EnableDCache        0x1000'0d1f   0x52  Code  Lc  system_MKV58F24.o [1]
SCB_EnableICache        0x1000'0cf5   0x2a  Code  Lc  system_MKV58F24.o [1]
SPI0_DriverIRQHandler   0x1000'0df5   0x24  Code  Gb  fsl_dspi.o [1]
SPI1_DriverIRQHandler   0x1000'0e19   0x24  Code  Gb  fsl_dspi.o [1]
SPI2_DriverIRQHandler   0x1000'0e3d   0x24  Code  Gb  fsl_dspi.o [1]
SystemCoreClock                 0x4    0x4  Data  Gb  system_MKV58F24.o [1]
SystemInit              0x1000'0d71   0x30  Code  Gb  system_MKV58F24.o [1]
UART0_RX_TX_IRQHandler  0x1000'0b13   0x1c  Code  Gb  uart.o [1]
UART1_DriverIRQHandler  0x1000'0f21   0x10  Code  Gb  fsl_uart.o [1]
UART1_RX_TX_DriverIRQHandler
                        0x1000'0f31    0x8  Code  Gb  fsl_uart.o [1]
UART2_DriverIRQHandler  0x1000'0f39   0x10  Code  Gb  fsl_uart.o [1]
UART2_RX_TX_DriverIRQHandler
                        0x1000'0f49    0x8  Code  Gb  fsl_uart.o [1]
UART3_DriverIRQHandler  0x1000'0f51   0x10  Code  Gb  fsl_uart.o [1]
UART3_RX_TX_DriverIRQHandler
                        0x1000'0f61    0x8  Code  Gb  fsl_uart.o [1]
UART4_DriverIRQHandler  0x1000'0f69   0x10  Code  Gb  fsl_uart.o [1]
UART4_RX_TX_DriverIRQHandler
                        0x1000'0f79    0x8  Code  Gb  fsl_uart.o [1]
UART5_DriverIRQHandler  0x1000'0f81   0x10  Code  Gb  fsl_uart.o [1]
UART5_RX_TX_DriverIRQHandler
                        0x1000'0fad    0x8  Code  Gb  fsl_uart.o [1]
UARTn                   0x1000'1300   0x18  Data  Lc  uart.o [1]
ZI$$Base                        0x8          --   Gb  - Linker created -
ZI$$Limit                     0x104          --   Gb  - Linker created -
__Vectors               0x1000'0000          --   Gb  startup_MKV58F24.o [1]
__Vectors_End           0x1000'0400         Data  Gb  startup_MKV58F24.o [1]
__Vectors_Size {Abs}          0x400          --   Gb  startup_MKV58F24.o [1]
__aeabi_assert          0x1000'0865   0x24  Code  Gb  ABIassert.o [5]
__cmain                 0x1000'12c5         Code  Gb  cmain.o [4]
__exit                  0x1000'08c9   0x14  Code  Gb  exit.o [5]
__iar_copy_init3        0x1000'11d5   0x2c  Code  Gb  copy_init3.o [4]
__iar_data_init3        0x1000'1251   0x28  Code  Gb  data_init.o [4]
__iar_init_vfp          0x1000'1279         Code  Gb  fpinit_M.o [3]
__iar_program_start     0x1000'13c9         Code  Gb  cstartup_M.o [4]
__iar_zero_init3        0x1000'088f   0x3a  Code  Gb  zero_init3.o [4]
__low_level_init        0x1000'12e3    0x4  Code  Gb  low_level_init.o [2]
__vector_table          0x1000'0000         Data  Gb  startup_MKV58F24.o [1]
__vector_table_0x1c     0x1000'001c         Data  Gb  startup_MKV58F24.o [1]
_call_main              0x1000'12d1         Code  Gb  cmain.o [4]
_exit                   0x1000'12f5         Code  Gb  cexit.o [4]
_main                   0x1000'12df         Code  Gb  cmain.o [4]
abort                   0x1000'0889    0x6  Code  Gb  abort.o [2]
bus_clk_khz                    0x18    0x4  Data  Gb  clock.o [1]
exit                    0x1000'12f1    0x4  Code  Gb  exit.o [2]
fastperiphral_clk_khz          0x10    0x4  Data  Gb  clock.o [1]
flexbus_clk_khz                0x14    0x4  Data  Gb  clock.o [1]
g_dspiHandle                   0x1c    0xc  Data  Lc  fsl_dspi.o [1]
gpio_set                0x1000'0fb5   0x62  Code  Gb  gpio.o [1]
main                    0x1000'12e7    0xa  Code  Gb  main.o [1]
mcg_init                0x1000'0c3b   0x68  Code  Gb  clock.o [1]
mcgout_clk_khz                  0x8    0x4  Data  Gb  clock.o [1]
osc_init                0x1000'0c25   0x16  Code  Gb  clock.o [1]
pll_init                0x1000'0bc9   0x5c  Code  Gb  clock.o [1]
port_init               0x1000'0b41   0x88  Code  Gb  port.o [1]
s_EDMAHandle                   0x30   0x80  Data  Lc  fsl_edma.o [1]
s_ENETHandle                   0xb0    0x4  Data  Lc  fsl_enet.o [1]
s_dspiMasterIsr                0x28    0x4  Data  Lc  fsl_dspi.o [1]
s_dspiSlaveIsr                 0x2c    0x4  Data  Lc  fsl_dspi.o [1]
s_enetErrIsr                   0xbc    0x4  Data  Lc  fsl_enet.o [1]
s_enetRxIsr                    0xb8    0x4  Data  Lc  fsl_enet.o [1]
s_enetTsIsr                    0xc0    0x4  Data  Lc  fsl_enet.o [1]
s_enetTxIsr                    0xb4    0x4  Data  Lc  fsl_enet.o [1]
s_flexcanHandle                0xc4    0xc  Data  Lc  fsl_flexcan.o [1]
s_flexcanIsr                   0xd0    0x4  Data  Lc  fsl_flexcan.o [1]
s_i2cHandle                    0xd4    0x8  Data  Lc  fsl_i2c.o [1]
s_i2cMasterIsr                 0xdc    0x4  Data  Lc  fsl_i2c.o [1]
s_i2cSlaveIsr                  0xe0    0x4  Data  Lc  fsl_i2c.o [1]
s_uartHandle                   0xe4   0x18  Data  Lc  fsl_uart.o [1]
s_uartIsr                      0xfc    0x4  Data  Lc  fsl_uart.o [1]
system_clk_khz                  0xc    0x4  Data  Gb  clock.o [1]
uart_init               0x1000'08dd  0x21c  Code  Gb  uart.o [1]
uart_putchar            0x1000'0af9   0x1a  Code  Gb  uart.o [1]


[1] = D:\files\git\KV58_Lib\Debug\Obj
[2] = dl7M_tlf.a
[3] = m7M_tlv.a
[4] = rt7M_tl.a
[5] = shb_l.a

  5 030 bytes of readonly  code memory
    474 bytes of readonly  data memory
  1 277 bytes of readwrite data memory

Errors: none
Warnings: none
